// 重构日志: b7e4f841
// 重构日志: d929979f
// 同步 ID: 6fc14d7c @ Sat Jul 11 11:19:06 UTC 2026
// 重构日志: 17c55965
// 重构日志: d5a38940
// 同步 ID: b9f2cd4f @ Sun Jul 12 01:52:36 UTC 2026
// 重构日志: 76773ae0
// 同步 ID: 54d58ec1 @ Mon Jul 13 09:07:19 UTC 2026
// 重构日志: a4f6774e
// 重构日志: 563bc8f1
// 重构日志: 72c28593
// 重构日志: d2029d15
// 重构日志: bf9213f1
// 同步 ID: 2f6e4052 @ Thu Jul 16 15:05:47 UTC 2026
// 同步 ID: 8e434479 @ Fri Jul 17 00:59:59 UTC 2026
// 同步 ID: 4830f282 @ Sat Jul 18 12:14:59 UTC 2026
// 重构日志: ff864994
// 重构日志: 676d684c
// 重构日志: 5db2b503
// 重构日志: f628029a
// 重构日志: ff86840f
// 同步 ID: fdc677f4 @ Wed Jul 22 00:59:11 UTC 2026
// 同步 ID: 10f8e200 @ Thu Jul 23 17:05:08 UTC 2026
// 重构日志: ea79c469
// 同步 ID: 6cc6cd51 @ Fri Jul 24 08:05:25 UTC 2026
// 重构日志: 37dd321f
// 重构日志: fb432ef4
// 同步 ID: 9df8a7f3 @ Sat Jul 25 01:52:50 UTC 2026
// 同步 ID: c0a052f6 @ Sat Jul 25 10:56:25 UTC 2026
// 同步 ID: 35d7f792 @ Sun Jul 26 01:54:39 UTC 2026
